[
  {
    "Timestamp": "12:34:56.123456",
    "Direction": "PC→Radio",
    "FileDesc": "3",
    "RawHex": "52010203",
    "DecodedASCII": "R...",
    "Length": 4,
    "CommandType": "Read Request",
    "Notes": ""
  },
  {
    "Timestamp": "12:34:56.123500",
    "Direction": "Radio→PC",
    "FileDesc": "3",
    "RawHex": "06",
    "DecodedASCII": ".",
    "Length": 1,
    "CommandType": "ACK (Acknowledge)",
    "Notes": ""
  },
  {
    "Timestamp": "12:34:56.124000",
    "Direction": "PC→Radio",
    "FileDesc": "3",
    "RawHex": "57030405",
    "DecodedASCII": "W...",
    "Length": 4,
    "CommandType": "Write Request",
    "Notes": ""
  },
  {
    "Timestamp": "12:34:56.124100",
    "Direction": "Radio→PC",
    "FileDesc": "3",
    "RawHex": "06",
    "DecodedASCII": ".",
    "Length": 1,
    "CommandType": "ACK (Acknowledge)",
    "Notes": ""
  },
  {
    "Timestamp": "12:34:56.124200",
    "Direction": "PC→Radio",
    "FileDesc": "3",
    "RawHex": "50102030",
    "DecodedASCII": "P. 0",
    "Length": 4,
    "CommandType": "Program Command",
    "Notes": ""
  },
  {
    "Timestamp": "12:34:56.124300",
    "Direction": "Radio→PC",
    "FileDesc": "3",
    "RawHex": "02414243",
    "DecodedASCII": ".ABC",
    "Length": 4,
    "CommandType": "Data Packet",
    "Notes": ""
  },
  {
    "Timestamp": "12:34:56.124500",
    "Direction": "Radio→PC",
    "FileDesc": "3",
    "RawHex": "15",
    "DecodedASCII": ".",
    "Length": 1,
    "CommandType": "NAK (Negative Acknowledge)",
    "Notes": ""
  }
]